// Jest Snapshot v1, https://goo.gl/fbAQLP

exports[`Button initial render (connected) 1`] = `
<button
  buttonstyle="[object Object]"
  class="v-facebook-login"
  loaderstyle="[object Object]"
  logostyle="[object Object]"
  style="transition: background-color 0.15s ease-in-out;"
  textstyle="[object Object]"
  transition=""
>
   
  <!---->
   
  <!---->
   
  <span>
    <!---->
     Logout 
    <!---->
     
    <!---->
  </span>
   
</button>
`;

exports[`Button initial render (disabled) 1`] = `
<button
  buttonstyle="[object Object]"
  class="v-facebook-login"
  disabled="disabled"
  loaderstyle="[object Object]"
  logostyle="[object Object]"
  style="transition: background-color 0.15s ease-in-out;"
  textstyle="[object Object]"
  transition=""
>
   
  <!---->
   
  <svg
    class="logo"
    fill="currentColor"
    height="24"
    viewBox="0 0 24 24"
    width="24"
    xmlns="http://www.w3.org/2000/svg"
  >
    <path
      d="M22.675 0h-21.35c-.732 0-1.325.593-1.325 1.325v21.351c0 .731.593 1.324 1.325 1.324h11.495v-9.294h-3.128v-3.622h3.128v-2.671c0-3.1 1.893-4.788 4.659-4.788 1.325 0 2.463.099 2.795.143v3.24l-1.918.001c-1.504 0-1.795.715-1.795 1.763v2.313h3.587l-.467 3.622h-3.12v9.293h6.116c.73 0 1.323-.593 1.323-1.325v-21.35c0-.732-.593-1.325-1.325-1.325z"
    />
  </svg>
   
  <span>
    Continue with Facebook 
    <!---->
     
    <!---->
     
    <!---->
  </span>
   
</button>
`;

exports[`Button initial render (disconnected) 1`] = `
<button
  buttonstyle="[object Object]"
  class="v-facebook-login"
  loaderstyle="[object Object]"
  logostyle="[object Object]"
  style="transition: background-color 0.15s ease-in-out;"
  textstyle="[object Object]"
  transition=""
>
   
  <!---->
   
  <svg
    class="logo"
    fill="currentColor"
    height="24"
    viewBox="0 0 24 24"
    width="24"
    xmlns="http://www.w3.org/2000/svg"
  >
    <path
      d="M22.675 0h-21.35c-.732 0-1.325.593-1.325 1.325v21.351c0 .731.593 1.324 1.325 1.324h11.495v-9.294h-3.128v-3.622h3.128v-2.671c0-3.1 1.893-4.788 4.659-4.788 1.325 0 2.463.099 2.795.143v3.24l-1.918.001c-1.504 0-1.795.715-1.795 1.763v2.313h3.587l-.467 3.622h-3.12v9.293h6.116c.73 0 1.323-.593 1.323-1.325v-21.35c0-.732-.593-1.325-1.325-1.325z"
    />
  </svg>
   
  <span>
    Continue with Facebook 
    <!---->
     
    <!---->
     
    <!---->
  </span>
   
</button>
`;

exports[`Button logout scoped-slot 1`] = `
<button
  buttonstyle="[object Object]"
  class="v-facebook-login"
  loaderstyle="[object Object]"
  logostyle="[object Object]"
  style="transition: background-color 0.15s ease-in-out;"
  textstyle="[object Object]"
  transition=""
>
   
  <!---->
   
  <!---->
   
  <span>
    <!---->
     
    <div
      class="logout"
    >
      {
  "idle": true,
  "error": null,
  "working": false,
  "enabled": true,
  "disabled": false,
  "connected": true,
  "disconnected": false
}
    </div>
     
    <!---->
     
    <!---->
  </span>
   
</button>
`;

exports[`Button logout slot 1`] = `
<button
  buttonstyle="[object Object]"
  class="v-facebook-login"
  loaderstyle="[object Object]"
  logostyle="[object Object]"
  style="transition: background-color 0.15s ease-in-out;"
  textstyle="[object Object]"
  transition=""
>
   
  <!---->
   
  <!---->
   
  <span>
    <!---->
     
    <div
      class="logout"
    />
     
    <!---->
     
    <!---->
  </span>
   
</button>
`;

exports[`Button scoped-slots 1`] = `
<button
  buttonstyle="[object Object]"
  class="v-facebook-login"
  disabled="disabled"
  loaderstyle="[object Object]"
  logostyle="[object Object]"
  style="transition: background-color 0.15s ease-in-out;"
  textstyle="[object Object]"
  transition=""
>
  <div
    class="before"
  >
    {
  "idle": true,
  "error": {},
  "working": false,
  "enabled": false,
  "disabled": true,
  "connected": false,
  "disconnected": true
}
  </div>
   
  <!---->
   
  <div
    class="logo"
  >
    {
  "idle": true,
  "error": {},
  "working": false,
  "enabled": false,
  "disabled": true,
  "connected": false,
  "disconnected": true
}
  </div>
   
  <span>
    <div
      class="login"
    >
      {
  "idle": true,
  "error": {},
  "working": false,
  "enabled": false,
  "disabled": true,
  "connected": false,
  "disconnected": true
}
    </div>
     
    <!---->
     
    <!---->
     
    <div
      class="error"
    >
      {
  "idle": true,
  "error": {},
  "working": false,
  "enabled": false,
  "disabled": true,
  "connected": false,
  "disconnected": true
}
    </div>
  </span>
   
  <div
    class="after"
  >
    {
  "idle": true,
  "error": {},
  "working": false,
  "enabled": false,
  "disabled": true,
  "connected": false,
  "disconnected": true
}
  </div>
</button>
`;

exports[`Button slots 1`] = `
<button
  buttonstyle="[object Object]"
  class="v-facebook-login"
  disabled="disabled"
  loaderstyle="[object Object]"
  logostyle="[object Object]"
  style="transition: background-color 0.15s ease-in-out;"
  textstyle="[object Object]"
  transition=""
>
  <div
    class="before"
  />
   
  <!---->
   
  <div
    class="logo"
  />
   
  <span>
    <div
      class="login"
    />
     
    <!---->
     
    <!---->
     
    <div
      class="error"
    />
  </span>
   
  <div
    class="after"
  />
</button>
`;
